Microchip MPLAB XC8 Compiler V2.35

Linker command line:

-W-3 --edf=C:\Program Files\Microchip\xc8\v2.35\pic\dat\en_msgs.txt \
  -pivt0x8=08h -cn \
  -h+dist/default/production\AbsurdNotifier1.2.X.production.sym \
  --cmf=dist/default/production\AbsurdNotifier1.2.X.production.cmf -z \
  -Q18F57K42 -oC:\Users\muthi\AppData\Local\Temp\xcAs5b0.4 \
  --defsym=__MPLAB_BUILD=1 \
  -Mdist/default/production/AbsurdNotifier1.2.X.production.map \
  --md=C:\Users\muthi\AppData\Local\Temp\xcAs5b0.dat -E1 -ver=XC8 Compiler \
  --acfsm=1493 -ACODE=00h-01FFFFh -ACONST=00h-01FFFFh \
  -ASMALLCONST=02000h-020FFhx480 \
  -AMEDIUMCONST=02000h-0FFFFh,012000h-01FFFFh -ACOMRAM=01h-05Fh \
  -AABS1=00h-01FFFh -ABIGRAM=01h-01FFFh -ARAM=060h-0FFh,0100h-01FFhx31 \
  -ABANK0=060h-0FFh -ABANK1=0100h-01FFh -ABANK2=0200h-02FFh \
  -ABANK3=0300h-03FFh -ABANK4=0400h-04FFh -ABANK5=0500h-05FFh \
  -ABANK6=0600h-06FFh -ABANK7=0700h-07FFh -ABANK8=0800h-08FFh \
  -ABANK9=0900h-09FFh -ABANK10=0A00h-0AFFh -ABANK11=0B00h-0BFFh \
  -ABANK12=0C00h-0CFFh -ABANK13=0D00h-0DFFh -ABANK14=0E00h-0EFFh \
  -ABANK15=0F00h-0FFFh -ABANK16=01000h-010FFh -ABANK17=01100h-011FFh \
  -ABANK18=01200h-012FFh -ABANK19=01300h-013FFh -ABANK20=01400h-014FFh \
  -ABANK21=01500h-015FFh -ABANK22=01600h-016FFh -ABANK23=01700h-017FFh \
  -ABANK24=01800h-018FFh -ABANK25=01900h-019FFh -ABANK26=01A00h-01AFFh \
  -ABANK27=01B00h-01BFFh -ABANK28=01C00h-01CFFh -ABANK29=01D00h-01DFFh \
  -ABANK30=01E00h-01EFFh -ABANK31=01F00h-01FFFh \
  -ASFR=03800h-038FFhx7,03F00h-03F5Fh,03F60h-03FFFh -ABIGSFR=03800h-03FFFh \
  -ACONFIG=0300000h-0300009h -AIDLOC=0200000h-020000Fh \
  -AEEDATA=0310000h-03103FFh -peeprom_data=EEDATA -preset_vec=00h \
  -ppowerup=CODE,init -pramtop=02000h -psmallconst=SMALLCONST \
  -pmediumconst=MEDIUMCONST -pconst=CONST -AFARRAM=00h-00h \
  -prdata=COMRAM,nvrram=COMRAM,nvbit=COMRAM,rbss=COMRAM,rbit=COMRAM \
  -pfarbss=FARRAM,fardata=FARRAM,nvFARRAM=FARRAM \
  -pintsave_regs=BIGRAM,bigbss=BIGRAM,bigdata=BIGRAM -pbss=RAM \
  -pidata=CODE,irdata=CODE,ibigdata=CODE,ifardata=CODE -prparam=COMRAM \
  C:\Users\muthi\AppData\Local\Temp\xcAs5b0.o \
  dist/default/production\AbsurdNotifier1.2.X.production.o 

Object code version is 3.11

Machine type is 18F57K42



                Name                               Link     Load   Length Selector   Space Scale
C:\Users\muthi\AppData\Local\Temp\xcAs5b0.o
                idloc                            200000   200000       10        0       5
                config                           300000   300000        A        0       4
                init                                 1A       1A        4        4       0
                reset_vec                             0        0        4        0       0
dist/default/production\AbsurdNotifier1.2.X.production.o
                idloc                            200000   200000       10        0       5
                config                           300000   300000        A        0       4
                smallconst                         2000     2000        8     1000       0
                ivt0x8                                8        8       12        4       0
                text21                             27F6     27F6        6     1004       0
                text20                             2512     2512       96     1004       0
                text19                             2808     2808        2     1401       0
                text18                             27F0     27F0        6     1004       0
                text17                             2806     2806        2     1401       0
                text16                             25A8     25A8       8C     1004       0
                text15                             22B4     22B4       DE     1004       0
                text14                             2802     2802        4     1401       0
                text13                             2792     2792       18     1004       0
                text12                             2456     2456       BC     1004       0
                text11                             273A     273A       24     1004       0
                text10                             27E2     27E2        E     1004       0
                text9                              27D4     27D4        E     1004       0
                text8                              26FA     26FA       40     1004       0
                text7                              27C6     27C6        E     1004       0
                text6                              27B8     27B8        E     1004       0
                text5                              27AA     27AA        E     1004       0
                text4                              2634     2634       74     1004       0
                text3                              2778     2778       1A     1004       0
                text2                              275E     275E       1A     1004       0
                text1                              2392     2392       C4     1004       0
                text0                              2008     2008      2AC     1004       0
                cstackCOMRAM                          1        1       1A        1       1
                bssBIGRAM                          1740     1740      8C0     1740       1
                dataCOMRAM                           2F       2F        5        1       1
                bssCOMRAM                            2A       2A        5        1       1
                cinit                              26A8     26A8       52     1004       0
                nvCOMRAM                             1B       1B        F        1       1
                idataCOMRAM                        27FC     27FC        5     1004       0

TOTAL           Name                               Link     Load   Length     Space
        CLASS   CODE           
                init                                 1A       1A        4         0
                reset_vec                             0        0        4         0
                ivt0x8                                8        8       12         0
                text21                             27F6     27F6        6         0
                text20                             2512     2512       96         0
                text19                             2808     2808        2         0
                text18                             27F0     27F0        6         0
                text17                             2806     2806        2         0
                text16                             25A8     25A8       8C         0
                text15                             22B4     22B4       DE         0
                text14                             2802     2802        4         0
                text13                             2792     2792       18         0
                text12                             2456     2456       BC         0
                text11                             273A     273A       24         0
                text10                             27E2     27E2        E         0
                text9                              27D4     27D4        E         0
                text8                              26FA     26FA       40         0
                text7                              27C6     27C6        E         0
                text6                              27B8     27B8        E         0
                text5                              27AA     27AA        E         0
                text4                              2634     2634       74         0
                text3                              2778     2778       1A         0
                text2                              275E     275E       1A         0
                text1                              2392     2392       C4         0
                text0                              2008     2008      2AC         0
                cinit                              26A8     26A8       52         0
                idataCOMRAM                        27FC     27FC        5         0

        CLASS   CONST          

        CLASS   SMALLCONST     
                smallconst                         2000     2000        8         0

        CLASS   MEDIUMCONST    

        CLASS   COMRAM         
                cstackCOMRAM                          1        1       1A         1
                dataCOMRAM                           2F       2F        5         1
                bssCOMRAM                            2A       2A        5         1
                nvCOMRAM                             1B       1B        F         1

        CLASS   ABS1           

        CLASS   BIGRAM         
                bssBIGRAM                          1740     1740      8C0         1

        CLASS   RAM            

        CLASS   BANK0          

        CLASS   BANK1          

        CLASS   BANK2          

        CLASS   BANK3          

        CLASS   BANK4          

        CLASS   BANK5          

        CLASS   BANK6          

        CLASS   BANK7          

        CLASS   BANK8          

        CLASS   BANK9          

        CLASS   BANK10         

        CLASS   BANK11         

        CLASS   BANK12         

        CLASS   BANK13         

        CLASS   BANK14         

        CLASS   BANK15         

        CLASS   BANK16         

        CLASS   BANK17         

        CLASS   BANK18         

        CLASS   BANK19         

        CLASS   BANK20         

        CLASS   BANK21         

        CLASS   BANK22         

        CLASS   BANK23         

        CLASS   BANK24         

        CLASS   BANK25         

        CLASS   BANK26         

        CLASS   BANK27         

        CLASS   BANK28         

        CLASS   BANK29         

        CLASS   BANK30         

        CLASS   BANK31         

        CLASS   SFR            

        CLASS   BIGSFR         

        CLASS   CONFIG         
                config                           300000   300000        A         4

        CLASS   IDLOC          
                idloc                            200000   200000       10         5

        CLASS   EEDATA         

        CLASS   FARRAM         

        CLASS   HEAP           

        CLASS   STACK          



SEGMENTS        Name                           Load    Length   Top    Selector   Space  Class

                reset_vec                      000000  000004  000004         0       0  CODE    
                cstackCOMRAM                   000001  000033  000034         1       1  COMRAM  
                ivt0x8                         000008  000016  00001E         4       0  CODE    
                bssBIGRAM                      001740  0008C0  002000      1740       1  BIGRAM  
                smallconst                     002000  000008  002008      1000       0  SMALLCON
                text0                          002008  0007F9  002801      1004       0  CODE    
                text14                         002802  000008  00280A      1401       0  CODE    


UNUSED ADDRESS RANGES

        Name                Unused          Largest block    Delta
        BANK0            000060-0000FF               A0
        BANK1            000100-0001FF              100
        BANK10           000A00-000AFF              100
        BANK11           000B00-000BFF              100
        BANK12           000C00-000CFF              100
        BANK13           000D00-000DFF              100
        BANK14           000E00-000EFF              100
        BANK15           000F00-000FFF              100
        BANK16           001000-0010FF              100
        BANK17           001100-0011FF              100
        BANK18           001200-0012FF              100
        BANK19           001300-0013FF              100
        BANK2            000200-0002FF              100
        BANK20           001400-0014FF              100
        BANK21           001500-0015FF              100
        BANK22           001600-0016FF              100
        BANK23           001700-00173F               40
        BANK3            000300-0003FF              100
        BANK4            000400-0004FF              100
        BANK5            000500-0005FF              100
        BANK6            000600-0006FF              100
        BANK7            000700-0007FF              100
        BANK8            000800-0008FF              100
        BANK9            000900-0009FF              100
        BIGRAM           000034-00173F             170C
        BIGSFR           003800-003FFF              800
        CODE             000004-000007                4
                         00001E-001FFF             1FE2
                         002801-002801                1
                         00280A-01FFFF            1D7F6
        COMRAM           000034-00005F               2C
        CONST            000004-000007                4
                         00001E-001FFF             1FE2
                         002801-002801                1
                         00280A-01FFFF            1D7F6
        EEDATA           310000-3103FF              400
        MEDIUMCONST      002801-002801                1
                         00280A-00FFFF             D7F6
                         012000-01FFFF             E000
        RAM              000060-00173F              100
        SFR              003800-003FFF              100
        SMALLCONST       002801-002801                1
                         00280A-01FFFF              100

                                  Symbol Table

?___awdiv                                     cstackCOMRAM 000004
IVTBASEH                                      (abs)        003FD6
IVTBASEL                                      (abs)        003FD5
IVTBASEU                                      (abs)        003FD7
SPI1_Open@spi1UniqueConfiguration             cstackCOMRAM 000005
SPI1_SetInterruptHandler@handler              cstackCOMRAM 000004
SPI1_SetRxInterruptHandler@handler            cstackCOMRAM 000004
UART1_SetErrorHandler@interruptHandler        cstackCOMRAM 000004
UART1_SetFramingErrorHandler@interruptHandler cstackCOMRAM 000004
UART1_SetOverrunErrorHandler@interruptHandler cstackCOMRAM 000004
UART1_Write@txData                            cstackCOMRAM 000004
_ANSELA                                       (abs)        003A40
_ANSELB                                       (abs)        003A50
_ANSELC                                       (abs)        003A60
_ANSELD                                       (abs)        003A70
_ANSELE                                       (abs)        003A80
_ANSELF                                       (abs)        003A90
_INLVLA                                       (abs)        003A44
_INLVLB                                       (abs)        003A54
_INLVLC                                       (abs)        003A64
_INLVLD                                       (abs)        003A74
_INLVLE                                       (abs)        003A84
_INLVLF                                       (abs)        003A94
_INTCON0bits                                  (abs)        003FD2
_INTERRUPT_Initialize                         text14       002802
_INTERRUPT_InterruptManager                   text16       0025A8
_LATA                                         (abs)        003FBA
_LATB                                         (abs)        003FBB
_LATC                                         (abs)        003FBC
_LATD                                         (abs)        003FBD
_LATDbits                                     (abs)        003FBD
_LATE                                         (abs)        003FBE
_LATF                                         (abs)        003FBF
_ODCONA                                       (abs)        003A42
_ODCONB                                       (abs)        003A52
_ODCONC                                       (abs)        003A62
_ODCOND                                       (abs)        003A72
_ODCONE                                       (abs)        003A82
_ODCONF                                       (abs)        003A92
_OSCCON1                                      (abs)        0039D9
_OSCCON3                                      (abs)        0039DB
_OSCEN                                        (abs)        0039DD
_OSCFRQ                                       (abs)        0039DF
_OSCILLATOR_Initialize                        text13       002792
_OSCTUNE                                      (abs)        0039DE
_PIE2bits                                     (abs)        003992
_PIN_MANAGER_Initialize                       text12       002456
_PIR2bits                                     (abs)        0039A2
_PIR3bits                                     (abs)        0039A3
_PMD0                                         (abs)        0039C0
_PMD1                                         (abs)        0039C1
_PMD2                                         (abs)        0039C2
_PMD3                                         (abs)        0039C3
_PMD4                                         (abs)        0039C4
_PMD5                                         (abs)        0039C5
_PMD6                                         (abs)        0039C6
_PMD7                                         (abs)        0039C7
_PMD_Initialize                               text11       00273A
_RB1I2C                                       (abs)        003A5A
_RB2I2C                                       (abs)        003A5B
_RC3I2C                                       (abs)        003A6A
_RC4I2C                                       (abs)        003A6B
_RC7PPS                                       (abs)        003A17
_RD0I2C                                       (abs)        003A7A
_RD1I2C                                       (abs)        003A7B
_SLRCONA                                      (abs)        003A43
_SLRCONB                                      (abs)        003A53
_SLRCONC                                      (abs)        003A63
_SLRCOND                                      (abs)        003A73
_SLRCONE                                      (abs)        003A83
_SLRCONF                                      (abs)        003A93
_SPI1BAUD                                     (abs)        003D19
_SPI1CLK                                      (abs)        003D1C
_SPI1CON0                                     (abs)        003D14
_SPI1CON0bits                                 (abs)        003D14
_SPI1CON1                                     (abs)        003D15
_SPI1CON2                                     (abs)        003D16
_SPI1RXB                                      (abs)        003D10
_SPI1SCKPPS                                   (abs)        003ADE
_SPI1SDIPPS                                   (abs)        003ADF
_SPI1SSPPS                                    (abs)        003AE0
_SPI1TCNTL                                    (abs)        003D12
_SPI1TXB                                      (abs)        003D11
_SPI1_DefaultHandler                          text17       002806
_SPI1_DefaultRxHandler                        text19       002808
_SPI1_Initialize                              text8        0026FA
_SPI1_InterruptHandler                        nvCOMRAM     000027
_SPI1_Open                                    text15       0022B4
_SPI1_ReadByte                                text21       0027F6
_SPI1_RxInterruptHandler                      nvCOMRAM     000024
_SPI1_SetInterruptHandler                     text10       0027E2
_SPI1_SetRxInterruptHandler                   text9        0027D4
_SPIRXhandler                                 text20       002512
_SPIhandler                                   text18       0027F0
_SYSTEM_Initialize                            text3        002778
_TRISA                                        (abs)        003FC2
_TRISB                                        (abs)        003FC3
_TRISC                                        (abs)        003FC4
_TRISCbits                                    (abs)        003FC4
_TRISD                                        (abs)        003FC5
_TRISE                                        (abs)        003FC6
_TRISF                                        (abs)        003FC7
_U1BRGH                                       (abs)        003DF6
_U1BRGL                                       (abs)        003DF5
_U1CON0                                       (abs)        003DF2
_U1CON0bits                                   (abs)        003DF2
_U1CON1                                       (abs)        003DF3
_U1CON2                                       (abs)        003DF4
_U1ERRIE                                      (abs)        003DFA
_U1ERRIR                                      (abs)        003DF9
_U1ERRIRbits                                  (abs)        003DF9
_U1FIFO                                       (abs)        003DF7
_U1P1H                                        (abs)        003DED
_U1P1L                                        (abs)        003DEC
_U1P2H                                        (abs)        003DEF
_U1P2L                                        (abs)        003DEE
_U1P3H                                        (abs)        003DF1
_U1P3L                                        (abs)        003DF0
_U1RXB                                        (abs)        003DE8
_U1RXPPS                                      (abs)        003AE5
_U1TXB                                        (abs)        003DEA
_U1UIR                                        (abs)        003DF8
_UART1_DefaultErrorHandler                    (abs)        000000
_UART1_DefaultFramingErrorHandler             (abs)        000000
_UART1_DefaultOverrunErrorHandler             (abs)        000000
_UART1_ErrorHandler                           nvCOMRAM     00001B
_UART1_FramingErrorHandler                    nvCOMRAM     000021
_UART1_Initialize                             text4        002634
_UART1_OverrunErrorHandler                    nvCOMRAM     00001E
_UART1_SetErrorHandler                        text7        0027C6
_UART1_SetFramingErrorHandler                 text6        0027B8
_UART1_SetOverrunErrorHandler                 text5        0027AA
_UART1_Write                                  text2        00275E
_WPUA                                         (abs)        003A41
_WPUB                                         (abs)        003A51
_WPUC                                         (abs)        003A61
_WPUD                                         (abs)        003A71
_WPUE                                         (abs)        003A81
_WPUF                                         (abs)        003A91
__HRAM                                        (abs)        000000
__Habs1                                       abs1         000000
__Hbank0                                      bank0        000000
__Hbank1                                      bank1        000000
__Hbank10                                     bank10       000000
__Hbank11                                     bank11       000000
__Hbank12                                     bank12       000000
__Hbank13                                     bank13       000000
__Hbank14                                     bank14       000000
__Hbank15                                     bank15       000000
__Hbank16                                     bank16       000000
__Hbank17                                     bank17       000000
__Hbank18                                     bank18       000000
__Hbank19                                     bank19       000000
__Hbank2                                      bank2        000000
__Hbank20                                     bank20       000000
__Hbank21                                     bank21       000000
__Hbank22                                     bank22       000000
__Hbank23                                     bank23       000000
__Hbank24                                     bank24       000000
__Hbank25                                     bank25       000000
__Hbank26                                     bank26       000000
__Hbank27                                     bank27       000000
__Hbank28                                     bank28       000000
__Hbank29                                     bank29       000000
__Hbank3                                      bank3        000000
__Hbank30                                     bank30       000000
__Hbank31                                     bank31       000000
__Hbank4                                      bank4        000000
__Hbank5                                      bank5        000000
__Hbank6                                      bank6        000000
__Hbank7                                      bank7        000000
__Hbank8                                      bank8        000000
__Hbank9                                      bank9        000000
__Hbigbss                                     bigbss       000000
__Hbigdata                                    bigdata      000000
__Hbigram                                     bigram       000000
__Hbigsfr                                     bigsfr       000000
__Hbss                                        bss          000000
__HbssBIGRAM                                  bssBIGRAM    000000
__HbssCOMRAM                                  bssCOMRAM    000000
__Hcinit                                      cinit        000000
__Hclrtext                                    clrtext      000000
__Hcomram                                     comram       000000
__Hconfig                                     config       30000A
__Hconst                                      const        000000
__HcstackCOMRAM                               cstackCOMRAM 000000
__Hdata                                       data         000000
__HdataCOMRAM                                 dataCOMRAM   000000
__Heeprom_data                                eeprom_data  000000
__Hfarbss                                     farbss       000000
__Hfardata                                    fardata      000000
__Hheap                                       heap         000000
__Hibigdata                                   ibigdata     000000
__Hidata                                      idata        000000
__HidataCOMRAM                                idataCOMRAM  000000
__Hidloc                                      idloc        200010
__Hifardata                                   ifardata     000000
__Hinit                                       init         00001E
__Hintsave_regs                               intsave_regs 000000
__Hirdata                                     irdata       000000
__Hivt0x8                                     ivt0x8       00001A
__Hmediumconst                                mediumconst  000000
__HnvCOMRAM                                   nvCOMRAM     000000
__HnvFARRAM                                   nvFARRAM     000000
__Hnvbit                                      nvbit        000000
__Hnvrram                                     nvrram       000000
__Hparam                                      rparam       000000
__Hpowerup                                    powerup      000000
__Hram                                        ram          000000
__Hramtop                                     ramtop       002000
__Hrbit                                       rbit         000000
__Hrbss                                       rbss         000000
__Hrdata                                      rdata        000000
__Hreset_vec                                  reset_vec    000004
__Hrparam                                     rparam       000000
__Hsfr                                        sfr          000000
__Hsmallconst                                 smallconst   002008
__Hspace_0                                    (abs)        00280A
__Hspace_1                                    (abs)        002000
__Hspace_2                                    (abs)        000000
__Hspace_4                                    (abs)        60000A
__Hstack                                      stack        000000
__Hstruct                                     struct       000000
__Htemp                                       temp         000000
__Htext                                       text         000000
__Htext0                                      text0        000000
__Htext1                                      text1        000000
__Htext10                                     text10       000000
__Htext11                                     text11       000000
__Htext12                                     text12       000000
__Htext13                                     text13       000000
__Htext14                                     text14       000000
__Htext15                                     text15       000000
__Htext16                                     text16       000000
__Htext17                                     text17       000000
__Htext18                                     text18       000000
__Htext19                                     text19       000000
__Htext2                                      text2        000000
__Htext20                                     text20       000000
__Htext21                                     text21       000000
__Htext22                                     text22       000000
__Htext3                                      text3        000000
__Htext4                                      text4        000000
__Htext5                                      text5        000000
__Htext6                                      text6        000000
__Htext7                                      text7        000000
__Htext8                                      text8        000000
__Htext9                                      text9        000000
__LRAM                                        (abs)        000001
__Labs1                                       abs1         000000
__Lbank0                                      bank0        000000
__Lbank1                                      bank1        000000
__Lbank10                                     bank10       000000
__Lbank11                                     bank11       000000
__Lbank12                                     bank12       000000
__Lbank13                                     bank13       000000
__Lbank14                                     bank14       000000
__Lbank15                                     bank15       000000
__Lbank16                                     bank16       000000
__Lbank17                                     bank17       000000
__Lbank18                                     bank18       000000
__Lbank19                                     bank19       000000
__Lbank2                                      bank2        000000
__Lbank20                                     bank20       000000
__Lbank21                                     bank21       000000
__Lbank22                                     bank22       000000
__Lbank23                                     bank23       000000
__Lbank24                                     bank24       000000
__Lbank25                                     bank25       000000
__Lbank26                                     bank26       000000
__Lbank27                                     bank27       000000
__Lbank28                                     bank28       000000
__Lbank29                                     bank29       000000
__Lbank3                                      bank3        000000
__Lbank30                                     bank30       000000
__Lbank31                                     bank31       000000
__Lbank4                                      bank4        000000
__Lbank5                                      bank5        000000
__Lbank6                                      bank6        000000
__Lbank7                                      bank7        000000
__Lbank8                                      bank8        000000
__Lbank9                                      bank9        000000
__Lbigbss                                     bigbss       000000
__Lbigdata                                    bigdata      000000
__Lbigram                                     bigram       000000
__Lbigsfr                                     bigsfr       000000
__Lbss                                        bss          000000
__LbssBIGRAM                                  bssBIGRAM    000000
__LbssCOMRAM                                  bssCOMRAM    000000
__Lcinit                                      cinit        000000
__Lclrtext                                    clrtext      000000
__Lcomram                                     comram       000000
__Lconfig                                     config       000000
__Lconst                                      const        000000
__LcstackCOMRAM                               cstackCOMRAM 000000
__Ldata                                       data         000000
__LdataCOMRAM                                 dataCOMRAM   000000
__Leeprom_data                                eeprom_data  000000
__Lfarbss                                     farbss       000000
__Lfardata                                    fardata      000000
__Lheap                                       heap         000000
__Libigdata                                   ibigdata     000000
__Lidata                                      idata        000000
__LidataCOMRAM                                idataCOMRAM  000000
__Lidloc                                      idloc        000000
__Lifardata                                   ifardata     000000
__Linit                                       init         00001A
__Lintsave_regs                               intsave_regs 000000
__Lirdata                                     irdata       000000
__Livt0x8                                     ivt0x8       000008
__Lmediumconst                                mediumconst  000000
__LnvCOMRAM                                   nvCOMRAM     000000
__LnvFARRAM                                   nvFARRAM     000000
__Lnvbit                                      nvbit        000000
__Lnvrram                                     nvrram       000000
__Lparam                                      rparam       000000
__Lpowerup                                    powerup      000000
__Lram                                        ram          000000
__Lramtop                                     ramtop       002000
__Lrbit                                       rbit         000000
__Lrbss                                       rbss         000000
__Lrdata                                      rdata        000000
__Lreset_vec                                  reset_vec    000000
__Lrparam                                     rparam       000000
__Lsfr                                        sfr          000000
__Lsmallconst                                 smallconst   002000
__Lspace_0                                    (abs)        000000
__Lspace_1                                    (abs)        000000
__Lspace_2                                    (abs)        000000
__Lspace_4                                    (abs)        000000
__Lstack                                      stack        000000
__Lstruct                                     struct       000000
__Ltemp                                       temp         000000
__Ltext                                       text         000000
__Ltext0                                      text0        000000
__Ltext1                                      text1        000000
__Ltext10                                     text10       000000
__Ltext11                                     text11       000000
__Ltext12                                     text12       000000
__Ltext13                                     text13       000000
__Ltext14                                     text14       000000
__Ltext15                                     text15       000000
__Ltext16                                     text16       000000
__Ltext17                                     text17       000000
__Ltext18                                     text18       000000
__Ltext19                                     text19       000000
__Ltext2                                      text2        000000
__Ltext20                                     text20       000000
__Ltext21                                     text21       000000
__Ltext22                                     text22       000000
__Ltext3                                      text3        000000
__Ltext4                                      text4        000000
__Ltext5                                      text5        000000
__Ltext6                                      text6        000000
__Ltext7                                      text7        000000
__Ltext8                                      text8        000000
__Ltext9                                      text9        000000
__S0                                          (abs)        00280A
__S1                                          (abs)        002000
__S4                                          (abs)        000000
__S5                                          (abs)        000000
___awdiv                                      text1        002392
___awdiv@counter                              cstackCOMRAM 000008
___awdiv@dividend                             cstackCOMRAM 000004
___awdiv@divisor                              cstackCOMRAM 000006
___awdiv@quotient                             cstackCOMRAM 00000A
___awdiv@sign                                 cstackCOMRAM 000009
___heap_hi                                    (abs)        000000
___heap_lo                                    (abs)        000000
___inthi_sp                                   stack        000000
___intlo_sp                                   stack        000000
___param_bank                                 (abs)        000000
___rparam_used                                (abs)        000001
___sp                                         stack        000000
__accesstop                                   (abs)        000060
__activetblptr                                (abs)        000003
__end_of_INTERRUPT_Initialize                 text14       002806
__end_of_INTERRUPT_InterruptManager           text16       002634
__end_of_OSCILLATOR_Initialize                text13       0027AA
__end_of_PIN_MANAGER_Initialize               text12       002512
__end_of_PMD_Initialize                       text11       00275E
__end_of_SPI1_DefaultHandler                  text17       002808
__end_of_SPI1_DefaultRxHandler                text19       00280A
__end_of_SPI1_Initialize                      text8        00273A
__end_of_SPI1_Open                            text15       002392
__end_of_SPI1_ReadByte                        text21       0027FC
__end_of_SPI1_SetInterruptHandler             text10       0027F0
__end_of_SPI1_SetRxInterruptHandler           text9        0027E2
__end_of_SPIRXhandler                         text20       0025A8
__end_of_SPIhandler                           text18       0027F6
__end_of_SYSTEM_Initialize                    text3        002792
__end_of_UART1_Initialize                     text4        0026A8
__end_of_UART1_SetErrorHandler                text7        0027D4
__end_of_UART1_SetFramingErrorHandler         text6        0027C6
__end_of_UART1_SetOverrunErrorHandler         text5        0027B8
__end_of_UART1_Write                          text2        002778
__end_of___awdiv                              text1        002456
__end_of__initialization                      cinit        0026F4
__end_of_main                                 text0        0022B4
__end_of_spi1_configuration                   smallconst   002006
__initialization                              cinit        0026A8
__mediumconst                                 mediumconst  000000
__pbssBIGRAM                                  bssBIGRAM    001740
__pbssCOMRAM                                  bssCOMRAM    00002A
__pcinit                                      cinit        0026A8
__pcstackCOMRAM                               cstackCOMRAM 000001
__pdataCOMRAM                                 dataCOMRAM   00002F
__pidataCOMRAM                                idataCOMRAM  0027FC
__pivt0x8                                     ivt0x8       000008
__pnvCOMRAM                                   nvCOMRAM     00001B
__psmallconst                                 smallconst   002000
__ptext0                                      text0        002008
__ptext1                                      text1        002392
__ptext10                                     text10       0027E2
__ptext11                                     text11       00273A
__ptext12                                     text12       002456
__ptext13                                     text13       002792
__ptext14                                     text14       002802
__ptext15                                     text15       0022B4
__ptext16                                     text16       0025A8
__ptext17                                     text17       002806
__ptext18                                     text18       0027F0
__ptext19                                     text19       002808
__ptext2                                      text2        00275E
__ptext20                                     text20       002512
__ptext21                                     text21       0027F6
__ptext22                                     text22       000000
__ptext3                                      text3        002778
__ptext4                                      text4        002634
__ptext5                                      text5        0027AA
__ptext6                                      text6        0027B8
__ptext7                                      text7        0027C6
__ptext8                                      text8        0026FA
__ptext9                                      text9        0027D4
__ramtop                                      ramtop       002000
__smallconst                                  smallconst   002000
_bufferIndex                                  dataCOMRAM   000032
_byteReceived                                 bssCOMRAM    00002D
_commandIter                                  bssCOMRAM    00002C
_commandsequence                              dataCOMRAM   00002F
_main                                         text0        002008
_rxBuffer                                     bssBIGRAM    001740
_screenBuffer                                 bssBIGRAM    001C00
_spi1_configuration                           smallconst   002001
_timeout                                      bssCOMRAM    00002A
_uart1RxLastError                             bssCOMRAM    00002E
end_of_initialization                         cinit        0026F4
intlevel0                                     text         000000
intlevel1                                     text         000000
intlevel2                                     text         000000
intlevel3                                     text         000000
isa$std                                       (abs)        000001
isa$xinst                                     (abs)        000000
ivt0x8_base                                   ivt0x8       000008
main@block                                    cstackCOMRAM 000015
main@col                                      cstackCOMRAM 000018
main@i                                        cstackCOMRAM 000019
main@pix                                      cstackCOMRAM 000017
main@row                                      cstackCOMRAM 000016
main@rxIndex                                  cstackCOMRAM 00000E
main@rxMask                                   cstackCOMRAM 000012
main@scMask                                   cstackCOMRAM 000013
main@screenIndex                              cstackCOMRAM 000010
main@val                                      cstackCOMRAM 000014
stackhi                                       (abs)        000000
stacklo                                       (abs)        000000
start                                         init         00001A
start_initialization                          cinit        0026A8


MODULE INFORMATION

Module		Function		Class		Link	Load	Size
mcc_generated_files/interrupt_manager.c
		_INTERRUPT_Initialize		CODE           	2802	0000	4
		_INTERRUPT_InterruptManager		CODE           	25A8	0000	140

mcc_generated_files/interrupt_manager.c estimated size: 144

C:\Program Files\Microchip\xc8\v2.35\pic\sources\c99\common\awdiv.c
		___awdiv       		CODE           	2392	0000	196

C:\Program Files\Microchip\xc8\v2.35\pic\sources\c99\common\awdiv.c estimated size: 196

mcc_generated_files/pin_manager.c
		_PIN_MANAGER_Initialize		CODE           	2456	0000	188

mcc_generated_files/pin_manager.c estimated size: 188

mcc_generated_files/spi1.c
		_SPI1_ReadByte 		CODE           	27F6	0000	6
		_SPI1_DefaultRxHandler		CODE           	2808	0000	2
		_SPI1_DefaultHandler		CODE           	2806	0000	2
		_SPI1_Open     		CODE           	22B4	0000	222
		_SPI1_Initialize		CODE           	26FA	0000	64
		_SPI1_SetRxInterruptHandler		CODE           	27D4	0000	14
		_SPI1_SetInterruptHandler		CODE           	27E2	0000	14

mcc_generated_files/spi1.c estimated size: 324

mcc_generated_files/uart1.c
		_UART1_Write   		CODE           	275E	0000	26
		_UART1_SetFramingErrorHandler		CODE           	27B8	0000	14
		_UART1_SetOverrunErrorHandler		CODE           	27AA	0000	14
		_UART1_Initialize		CODE           	2634	0000	116
		_UART1_SetErrorHandler		CODE           	27C6	0000	14

mcc_generated_files/uart1.c estimated size: 184

shared
		__initialization		CODE           	26A8	0000	76
		_spi1_configuration		SMALLCONST     	2001	0000	5

shared estimated size: 81

mcc_generated_files/mcc.c
		_PMD_Initialize		CODE           	273A	0000	36
		_OSCILLATOR_Initialize		CODE           	2792	0000	24
		_SYSTEM_Initialize		CODE           	2778	0000	26

mcc_generated_files/mcc.c estimated size: 86

main.c
		_SPIhandler    		CODE           	27F0	0000	6
		_main          		CODE           	2008	0000	684
		_SPIRXhandler  		CODE           	2512	0000	150

main.c estimated size: 840

