Microchip MPLAB XC8 Compiler V2.35

Linker command line:

-W-3 --edf=C:\Program Files\Microchip\xc8\v2.35\pic\dat\en_msgs.txt -cn \
  -h+dist/default/production\AbsurdNotifier.X.production.sym \
  --cmf=dist/default/production\AbsurdNotifier.X.production.cmf -z \
  -Q16F18346 -oC:\Users\muthi\AppData\Local\Temp\xcAsec8.4 \
  --defsym=__MPLAB_BUILD=1 \
  -Mdist/default/production/AbsurdNotifier.X.production.map \
  --md=C:\Users\muthi\AppData\Local\Temp\xcAsec8.dat -E1 -ver=XC8 Compiler \
  --acfsm=1493 -ACODE=00h-07FFhx8 -ASTRCODE=00h-03FFFh -ASTRING=00h-0FFhx64 \
  -ACONST=00h-0FFhx64 -AENTRY=00h-0FFhx64 -ACOMMON=070h-07Fh \
  -ABANK0=020h-06Fh -ABANK1=0A0h-0EFh -ABANK2=0120h-016Fh \
  -ABANK3=01A0h-01EFh -ABANK4=0220h-026Fh -ABANK5=02A0h-02EFh \
  -ABANK6=0320h-036Fh -ABANK7=03A0h-03EFh -ABANK8=0420h-046Fh \
  -ABANK9=04A0h-04EFh -ABANK10=0520h-056Fh -ABANK11=05A0h-05EFh \
  -ABANK12=0620h-066Fh -ABANK13=06A0h-06EFh -ABANK14=0720h-076Fh \
  -ABANK15=07A0h-07EFh -ABANK16=0820h-086Fh -ABANK17=08A0h-08EFh \
  -ABANK18=0920h-096Fh -ABANK19=09A0h-09EFh -ABANK20=0A20h-0A6Fh \
  -ABANK21=0AA0h-0AEFh -ABANK22=0B20h-0B6Fh -ABANK23=0BA0h-0BEFh \
  -ABANK24=0C20h-0C6Fh -ABANK25=0CA0h-0CBFh -ABIGRAM=02000h-027EFh \
  -ARAM=020h-06Fh,0A0h-0EFh,0120h-016Fh,01A0h-01EFh,0220h-026Fh,02A0h-02EFh,0320h-036Fh,03A0h-03EFh,0420h-046Fh,04A0h-04EFh,0520h-056Fh,05A0h-05EFh,0620h-066Fh,06A0h-06EFh,0720h-076Fh,07A0h-07EFh,0820h-086Fh,08A0h-08EFh,0920h-096Fh,09A0h-09EFh,0A20h-0A6Fh,0AA0h-0AEFh,0B20h-0B6Fh,0BA0h-0BEFh,0C20h-0C6Fh,0CA0h-0CBFh \
  -AABS1=020h-07Fh,0A0h-0EFh,0120h-016Fh,01A0h-01EFh,0220h-026Fh,02A0h-02EFh,0320h-036Fh,03A0h-03EFh,0420h-046Fh,04A0h-04EFh,0520h-056Fh,05A0h-05EFh,0620h-066Fh,06A0h-06EFh,0720h-076Fh,07A0h-07EFh,0820h-086Fh,08A0h-08EFh,0920h-096Fh,09A0h-09EFh,0A20h-0A6Fh,0AA0h-0AEFh,0B20h-0B6Fh,0BA0h-0BEFh,0C20h-0C6Fh,0CA0h-0CBFh \
  -ASFR0=00h-01Fh -ASFR1=080h-09Fh -ASFR2=0100h-011Fh -ASFR3=0180h-019Fh \
  -ASFR4=0200h-021Fh -ASFR5=0280h-029Fh -ASFR6=0300h-031Fh \
  -ASFR7=0380h-039Fh -ASFR8=0400h-041Fh -ASFR9=0480h-049Fh \
  -ASFR10=0500h-051Fh -ASFR11=0580h-059Fh -ASFR12=0600h-061Fh \
  -ASFR13=0680h-069Fh -ASFR14=0700h-071Fh -ASFR15=0780h-079Fh \
  -ASFR16=0800h-081Fh -ASFR17=0880h-089Fh -ASFR18=0900h-091Fh \
  -ASFR19=0980h-099Fh -ASFR20=0A00h-0A1Fh -ASFR21=0A80h-0A9Fh \
  -ASFR22=0B00h-0B1Fh -ASFR23=0B80h-0B9Fh -ASFR24=0C00h-0C1Fh \
  -ASFR25=0C80h-0C9Fh -ASFR26=0D00h-0D6Fh -ASFR27=0D80h-0DEFh \
  -ASFR28=0E00h-0E6Fh -ASFR29=0E80h-0EEFh -ASFR30=0F00h-0F6Fh \
  -ASFR31=0F80h-0FEFh -ACONFIG=08007h-0800Ah -DCONFIG=2 \
  -AIDLOC=08000h-08003h -DIDLOC=2 -AEEDATA=00h-0FFh/0F000h \
  -peeprom_data=EEDATA -DEEDATA=2 -DCODE=2 -DSTRCODE=2 -DSTRING=2 -DCONST=2 \
  -DENTRY=2 -preset_vec=00h,intentry=04h,init,end_init -ppowerup=CODE \
  -pcinit=CODE -pfunctab=ENTRY -k \
  C:\Users\muthi\AppData\Local\Temp\xcAsec8.o \
  dist/default/production\AbsurdNotifier.X.production.o 

Object code version is 3.11

Machine type is 16F18346



                Name                               Link     Load   Length Selector   Space Scale
C:\Users\muthi\AppData\Local\Temp\xcAsec8.o
                end_init                             1B       1B        2        8       0
                reset_vec                             0        0        2        0       0
                config                             8007     8007        4        0       4
                idloc                              8000     8000        4        0       5
dist/default/production\AbsurdNotifier.X.production.o
                cinit                                1D       1D        6        8       0
                intentry                              4        4       17        8       0
                config                             8007     8007        4        0       4
                idloc                              8000     8000        4        0       5
                text16                              137      137       13        8       0
                text15                              124      124       13        8       0
                text14                              179      179        3      2EA       0
                text12                               23       23       4F        8       0
                text11                              161      161        6        8       0
                text10                              16C      16C        5        8       0
                text9                               15B      15B        6        8       0
                text8                                D2       D2       21        8       0
                text7                               14A      14A        9        8       0
                text6                                72       72       35        8       0
                text5                               153      153        8        8       0
                text4                               167      167        5        8       0
                text3                                F3       F3       1E        8       0
                text2                               175      175        4      2EA       0
                text1                               111      111       13        8       0
                maintext                             A7       A7       2B        8       0
                cstackCOMMON                         70       70        7       70       1
                bssCOMMON                            7B       7B        2       70       1
                nvBANK0                              20       20        4       20       1
                nvCOMMON                             77       77        4       70       1
                stringtext1                         171      171        4      2E2       0

TOTAL           Name                               Link     Load   Length     Space
        CLASS   CODE           
                end_init                             1B       1B        2         0
                cinit                                1D       1D        6         0
                intentry                              4        4       17         0
                reset_vec                             0        0        2         0
                text16                              137      137       13         0
                text15                              124      124       13         0
                text14                              179      179        3         0
                text12                               23       23       4F         0
                text11                              161      161        6         0
                text10                              16C      16C        5         0
                text9                               15B      15B        6         0
                text8                                D2       D2       21         0
                text7                               14A      14A        9         0
                text6                                72       72       35         0
                text5                               153      153        8         0
                text4                               167      167        5         0
                text3                                F3       F3       1E         0
                text2                               175      175        4         0
                text1                               111      111       13         0
                maintext                             A7       A7       2B         0

        CLASS   STRCODE        
                stringtext1                         171      171        4         0

        CLASS   STRING         

        CLASS   CONST          

        CLASS   ENTRY          

        CLASS   COMMON         
                cstackCOMMON                         70       70        7         1
                bssCOMMON                            7B       7B        2         1
                nvCOMMON                             77       77        4         1

        CLASS   BANK0          
                nvBANK0                              20       20        4         1

        CLASS   BANK1          

        CLASS   BANK2          

        CLASS   BANK3          

        CLASS   BANK4          

        CLASS   BANK5          

        CLASS   BANK6          

        CLASS   BANK7          

        CLASS   BANK8          

        CLASS   BANK9          

        CLASS   BANK10         

        CLASS   BANK11         

        CLASS   BANK12         

        CLASS   BANK13         

        CLASS   BANK14         

        CLASS   BANK15         

        CLASS   BANK16         

        CLASS   BANK17         

        CLASS   BANK18         

        CLASS   BANK19         

        CLASS   BANK20         

        CLASS   BANK21         

        CLASS   BANK22         

        CLASS   BANK23         

        CLASS   BANK24         

        CLASS   BANK25         

        CLASS   BIGRAM         

        CLASS   RAM            

        CLASS   ABS1           
                abs_s1                               7E       7E        2         1

        CLASS   SFR0           

        CLASS   SFR1           

        CLASS   SFR2           

        CLASS   SFR3           

        CLASS   SFR4           

        CLASS   SFR5           

        CLASS   SFR6           

        CLASS   SFR7           

        CLASS   SFR8           

        CLASS   SFR9           

        CLASS   SFR10          

        CLASS   SFR11          

        CLASS   SFR12          

        CLASS   SFR13          

        CLASS   SFR14          

        CLASS   SFR15          

        CLASS   SFR16          

        CLASS   SFR17          

        CLASS   SFR18          

        CLASS   SFR19          

        CLASS   SFR20          

        CLASS   SFR21          

        CLASS   SFR22          

        CLASS   SFR23          

        CLASS   SFR24          

        CLASS   SFR25          

        CLASS   SFR26          

        CLASS   SFR27          

        CLASS   SFR28          

        CLASS   SFR29          

        CLASS   SFR30          

        CLASS   SFR31          

        CLASS   CONFIG         
                config                             8007     8007        4         4

        CLASS   IDLOC          
                idloc                              8000     8000        4         5

        CLASS   EEDATA         

        CLASS   BANK31         

        CLASS   BANK30         

        CLASS   BANK29         

        CLASS   BANK28         

        CLASS   BANK27         

        CLASS   BANK26         

        CLASS   HEAP           

        CLASS   STACK          



SEGMENTS        Name                           Load    Length   Top    Selector   Space  Class     Delta

                reset_vec                      000000  000002  000002         0       0  CODE        2
                intentry                       000004  00016D  000171         8       0  CODE        2
                nvBANK0                        000020  000004  000024        20       1  BANK0       1
                cstackCOMMON                   000070  00000D  00007D        70       1  COMMON      1
                stringtext1                    000171  000004  000175       2E2       0  STRCODE     2
                text2                          000175  000007  00017C       2EA       0  CODE        2


UNUSED ADDRESS RANGES

        Name                Unused          Largest block    Delta
        BANK0            00024-0006F              4C           1
        BANK1            000A0-000EF              50           1
        BANK10           00520-0056F              50           1
        BANK11           005A0-005EF              50           1
        BANK12           00620-0066F              50           1
        BANK13           006A0-006EF              50           1
        BANK14           00720-0076F              50           1
        BANK15           007A0-007EF              50           1
        BANK16           00820-0086F              50           1
        BANK17           008A0-008EF              50           1
        BANK18           00920-0096F              50           1
        BANK19           009A0-009EF              50           1
        BANK2            00120-0016F              50           1
        BANK20           00A20-00A6F              50           1
        BANK21           00AA0-00AEF              50           1
        BANK22           00B20-00B6F              50           1
        BANK23           00BA0-00BEF              50           1
        BANK24           00C20-00C6F              50           1
        BANK25           00CA0-00CBF              20           1
        BANK3            001A0-001EF              50           1
        BANK4            00220-0026F              50           1
        BANK5            002A0-002EF              50           1
        BANK6            00320-0036F              50           1
        BANK7            003A0-003EF              50           1
        BANK8            00420-0046F              50           1
        BANK9            004A0-004EF              50           1
        BIGRAM           02000-027EF             7F0           1
        CODE             00002-00003               2           2
                         0017C-03FFF             800
        COMMON           0007D-0007D               1           1
        CONST            00002-00003               2           2
                         0017C-03FFF             100
        EEDATA           0F000-0F0FF             100           2
        ENTRY            00002-00003               2           2
                         0017C-03FFF             100
        RAM              00024-0006F              4C           1
                         000A0-000EF              50
                         00120-0016F              50
                         001A0-001EF              50
                         00220-0026F              50
                         002A0-002EF              50
                         00320-0036F              50
                         003A0-003EF              50
                         00420-0046F              50
                         004A0-004EF              50
                         00520-0056F              50
                         005A0-005EF              50
                         00620-0066F              50
                         006A0-006EF              50
                         00720-0076F              50
                         007A0-007EF              50
                         00820-0086F              50
                         008A0-008EF              50
                         00920-0096F              50
                         009A0-009EF              50
                         00A20-00A6F              50
                         00AA0-00AEF              50
                         00B20-00B6F              50
                         00BA0-00BEF              50
                         00C20-00C6F              50
                         00CA0-00CBF              20
        SFR0             00000-0001F              20           1
        SFR1             00080-0009F              20           1
        SFR10            00500-0051F              20           1
        SFR11            00580-0059F              20           1
        SFR12            00600-0061F              20           1
        SFR13            00680-0069F              20           1
        SFR14            00700-0071F              20           1
        SFR15            00780-0079F              20           1
        SFR16            00800-0081F              20           1
        SFR17            00880-0089F              20           1
        SFR18            00900-0091F              20           1
        SFR19            00980-0099F              20           1
        SFR2             00100-0011F              20           1
        SFR20            00A00-00A1F              20           1
        SFR21            00A80-00A9F              20           1
        SFR22            00B00-00B1F              20           1
        SFR23            00B80-00B9F              20           1
        SFR24            00C00-00C1F              20           1
        SFR25            00C80-00C9F              20           1
        SFR26            00D00-00D6F              70           1
        SFR27            00D80-00DEF              70           1
        SFR28            00E00-00E6F              70           1
        SFR29            00E80-00EEF              70           1
        SFR3             00180-0019F              20           1
        SFR30            00F00-00F6F              70           1
        SFR31            00F80-00FEF              70           1
        SFR4             00200-0021F              20           1
        SFR5             00280-0029F              20           1
        SFR6             00300-0031F              20           1
        SFR7             00380-0039F              20           1
        SFR8             00400-0041F              20           1
        SFR9             00480-0049F              20           1
        STRCODE          00002-00003               2           2
                         0017C-03FFF            3E84
        STRING           00002-00003               2           2
                         0017C-03FFF             100

                                  Symbol Table

EUSART_SetErrorHandler@interruptHandler        cstackCOMMON 00071
EUSART_SetFramingErrorHandler@interruptHandler cstackCOMMON 00071
EUSART_SetOverrunErrorHandler@interruptHandler cstackCOMMON 00071
SPI1_Open@spi1UniqueConfiguration              cstackCOMMON 00074
SPI1_SetInterruptHandler@handler               cstackCOMMON 00071
_ANSELA                                        (abs)        0018C
_ANSELB                                        (abs)        0018D
_ANSELC                                        (abs)        0018E
_BAUD1CON                                      (abs)        0019F
_EUSART_DefaultErrorHandler                    (abs)        00000
_EUSART_DefaultFramingErrorHandler             (abs)        00000
_EUSART_DefaultOverrunErrorHandler             (abs)        00000
_EUSART_ErrorHandler                           nvBANK0      00020
_EUSART_FramingErrorHandler                    nvCOMMON     00077
_EUSART_Initialize                             text8        000D2
_EUSART_OverrunErrorHandler                    nvBANK0      00022
_EUSART_SetErrorHandler                        text11       00161
_EUSART_SetFramingErrorHandler                 text10       0016C
_EUSART_SetOverrunErrorHandler                 text9        0015B
_INLVLA                                        (abs)        0038C
_INLVLB                                        (abs)        0038D
_INLVLC                                        (abs)        0038E
_INTCONbits                                    (abs)        0000B
_INTERRUPT_InterruptManager                    intentry     00004
_LATA                                          (abs)        0010C
_LATAbits                                      (abs)        0010C
_LATB                                          (abs)        0010D
_LATC                                          (abs)        0010E
_MSSP1_InterruptHandler                        nvCOMMON     00079
_ODCONA                                        (abs)        0028C
_ODCONB                                        (abs)        0028D
_ODCONC                                        (abs)        0028E
_OSCCON1                                       (abs)        00919
_OSCCON3                                       (abs)        0091B
_OSCEN                                         (abs)        0091D
_OSCFRQ                                        (abs)        0091F
_OSCILLATOR_Initialize                         text7        0014A
_OSCTUNE                                       (abs)        0091E
_PIE1bits                                      (abs)        00091
_PIN_MANAGER_Initialize                        text6        00072
_PIR1bits                                      (abs)        00011
_PMD0                                          (abs)        00911
_PMD1                                          (abs)        00912
_PMD2                                          (abs)        00913
_PMD3                                          (abs)        00914
_PMD4                                          (abs)        00915
_PMD5                                          (abs)        00916
_PMD_Initialize                                text5        00153
_RA4PPS                                        (abs)        00E94
_RB6PPS                                        (abs)        00E9E
_RB7PPS                                        (abs)        00E9F
_RC1REG                                        (abs)        00199
_RC1STA                                        (abs)        0019D
_RC1STAbits                                    (abs)        0019D
_RXPPS                                         (abs)        00E24
_SLRCONA                                       (abs)        0030C
_SLRCONB                                       (abs)        0030D
_SLRCONC                                       (abs)        0030E
_SP1BRGH                                       (abs)        0019C
_SP1BRGL                                       (abs)        0019B
_SPI1_Initialize                               text3        000F3
_SPI1_Isr                                      text15       00124
_SPI1_Open                                     text12       00023
_SPI1_ReadByte                                 text14       00179
_SPI1_SetInterruptHandler                      text4        00167
_SPIhandler                                    text16       00137
_SSP1ADD                                       (abs)        00212
_SSP1BUF                                       (abs)        00211
_SSP1CLKPPS                                    (abs)        00E20
_SSP1CON1                                      (abs)        00215
_SSP1CON1bits                                  (abs)        00215
_SSP1CON2                                      (abs)        00216
_SSP1DATPPS                                    (abs)        00E21
_SSP1STAT                                      (abs)        00214
_SYSTEM_Initialize                             text1        00111
_TRISA                                         (abs)        0008C
_TRISB                                         (abs)        0008D
_TRISBbits                                     (abs)        0008D
_TRISC                                         (abs)        0008E
_TX1REG                                        (abs)        0019A
_TX1STA                                        (abs)        0019E
_TX1STAbits                                    (abs)        0019E
_WDTCON                                        (abs)        00097
_WDT_Initialize                                text2        00175
_WPUA                                          (abs)        0020C
_WPUB                                          (abs)        0020D
_WPUC                                          (abs)        0020E
__Habs1                                        abs1         00000
__Hbank0                                       bank0        00000
__Hbank1                                       bank1        00000
__Hbank10                                      bank10       00000
__Hbank11                                      bank11       00000
__Hbank12                                      bank12       00000
__Hbank13                                      bank13       00000
__Hbank14                                      bank14       00000
__Hbank15                                      bank15       00000
__Hbank16                                      bank16       00000
__Hbank17                                      bank17       00000
__Hbank18                                      bank18       00000
__Hbank19                                      bank19       00000
__Hbank2                                       bank2        00000
__Hbank20                                      bank20       00000
__Hbank21                                      bank21       00000
__Hbank22                                      bank22       00000
__Hbank23                                      bank23       00000
__Hbank24                                      bank24       00000
__Hbank25                                      bank25       00000
__Hbank26                                      bank26       00000
__Hbank27                                      bank27       00000
__Hbank28                                      bank28       00000
__Hbank29                                      bank29       00000
__Hbank3                                       bank3        00000
__Hbank30                                      bank30       00000
__Hbank31                                      bank31       00000
__Hbank4                                       bank4        00000
__Hbank5                                       bank5        00000
__Hbank6                                       bank6        00000
__Hbank7                                       bank7        00000
__Hbank8                                       bank8        00000
__Hbank9                                       bank9        00000
__Hbigram                                      bigram       00000
__HbssCOMMON                                   bssCOMMON    00000
__Hcinit                                       cinit        00023
__Hclrtext                                     clrtext      00000
__Hcode                                        code         00000
__Hcommon                                      common       00000
__Hconfig                                      config       0800B
__HcstackCOMMON                                cstackCOMMON 00000
__Heeprom_data                                 eeprom_data  00000
__Hend_init                                    end_init     0001D
__Hfunctab                                     functab      00000
__Hheap                                        heap         00000
__Hidloc                                       idloc        08004
__Hinit                                        init         0001B
__Hintentry                                    intentry     0001B
__Hmaintext                                    maintext     00000
__HnvBANK0                                     nvBANK0      00000
__HnvCOMMON                                    nvCOMMON     00000
__Hpowerup                                     powerup      00000
__Hram                                         ram          00000
__Hreset_vec                                   reset_vec    00002
__Hsfr0                                        sfr0         00000
__Hsfr1                                        sfr1         00000
__Hsfr10                                       sfr10        00000
__Hsfr11                                       sfr11        00000
__Hsfr12                                       sfr12        00000
__Hsfr13                                       sfr13        00000
__Hsfr14                                       sfr14        00000
__Hsfr15                                       sfr15        00000
__Hsfr16                                       sfr16        00000
__Hsfr17                                       sfr17        00000
__Hsfr18                                       sfr18        00000
__Hsfr19                                       sfr19        00000
__Hsfr2                                        sfr2         00000
__Hsfr20                                       sfr20        00000
__Hsfr21                                       sfr21        00000
__Hsfr22                                       sfr22        00000
__Hsfr23                                       sfr23        00000
__Hsfr24                                       sfr24        00000
__Hsfr25                                       sfr25        00000
__Hsfr26                                       sfr26        00000
__Hsfr27                                       sfr27        00000
__Hsfr28                                       sfr28        00000
__Hsfr29                                       sfr29        00000
__Hsfr3                                        sfr3         00000
__Hsfr30                                       sfr30        00000
__Hsfr31                                       sfr31        00000
__Hsfr4                                        sfr4         00000
__Hsfr5                                        sfr5         00000
__Hsfr6                                        sfr6         00000
__Hsfr7                                        sfr7         00000
__Hsfr8                                        sfr8         00000
__Hsfr9                                        sfr9         00000
__Hspace_0                                     (abs)        0017C
__Hspace_1                                     (abs)        0007D
__Hspace_2                                     (abs)        00000
__Hspace_3                                     (abs)        00000
__Hspace_4                                     (abs)        10012
__Hstack                                       stack        00000
__Hstrings                                     strings      00000
__Hstringtext1                                 stringtext1  00000
__Htext                                        text         00000
__Labs1                                        abs1         00000
__Lbank0                                       bank0        00000
__Lbank1                                       bank1        00000
__Lbank10                                      bank10       00000
__Lbank11                                      bank11       00000
__Lbank12                                      bank12       00000
__Lbank13                                      bank13       00000
__Lbank14                                      bank14       00000
__Lbank15                                      bank15       00000
__Lbank16                                      bank16       00000
__Lbank17                                      bank17       00000
__Lbank18                                      bank18       00000
__Lbank19                                      bank19       00000
__Lbank2                                       bank2        00000
__Lbank20                                      bank20       00000
__Lbank21                                      bank21       00000
__Lbank22                                      bank22       00000
__Lbank23                                      bank23       00000
__Lbank24                                      bank24       00000
__Lbank25                                      bank25       00000
__Lbank26                                      bank26       00000
__Lbank27                                      bank27       00000
__Lbank28                                      bank28       00000
__Lbank29                                      bank29       00000
__Lbank3                                       bank3        00000
__Lbank30                                      bank30       00000
__Lbank31                                      bank31       00000
__Lbank4                                       bank4        00000
__Lbank5                                       bank5        00000
__Lbank6                                       bank6        00000
__Lbank7                                       bank7        00000
__Lbank8                                       bank8        00000
__Lbank9                                       bank9        00000
__Lbigram                                      bigram       00000
__LbssCOMMON                                   bssCOMMON    00000
__Lcinit                                       cinit        0001D
__Lclrtext                                     clrtext      00000
__Lcode                                        code         00000
__Lcommon                                      common       00000
__Lconfig                                      config       00000
__LcstackCOMMON                                cstackCOMMON 00000
__Leeprom_data                                 eeprom_data  00000
__Lend_init                                    end_init     0001B
__Lfunctab                                     functab      00000
__Lheap                                        heap         00000
__Lidloc                                       idloc        00000
__Linit                                        init         0001B
__Lintentry                                    intentry     00004
__Lmaintext                                    maintext     00000
__LnvBANK0                                     nvBANK0      00000
__LnvCOMMON                                    nvCOMMON     00000
__Lpowerup                                     powerup      00000
__Lram                                         ram          00000
__Lreset_vec                                   reset_vec    00000
__Lsfr0                                        sfr0         00000
__Lsfr1                                        sfr1         00000
__Lsfr10                                       sfr10        00000
__Lsfr11                                       sfr11        00000
__Lsfr12                                       sfr12        00000
__Lsfr13                                       sfr13        00000
__Lsfr14                                       sfr14        00000
__Lsfr15                                       sfr15        00000
__Lsfr16                                       sfr16        00000
__Lsfr17                                       sfr17        00000
__Lsfr18                                       sfr18        00000
__Lsfr19                                       sfr19        00000
__Lsfr2                                        sfr2         00000
__Lsfr20                                       sfr20        00000
__Lsfr21                                       sfr21        00000
__Lsfr22                                       sfr22        00000
__Lsfr23                                       sfr23        00000
__Lsfr24                                       sfr24        00000
__Lsfr25                                       sfr25        00000
__Lsfr26                                       sfr26        00000
__Lsfr27                                       sfr27        00000
__Lsfr28                                       sfr28        00000
__Lsfr29                                       sfr29        00000
__Lsfr3                                        sfr3         00000
__Lsfr30                                       sfr30        00000
__Lsfr31                                       sfr31        00000
__Lsfr4                                        sfr4         00000
__Lsfr5                                        sfr5         00000
__Lsfr6                                        sfr6         00000
__Lsfr7                                        sfr7         00000
__Lsfr8                                        sfr8         00000
__Lsfr9                                        sfr9         00000
__Lspace_0                                     (abs)        00000
__Lspace_1                                     (abs)        00000
__Lspace_2                                     (abs)        00000
__Lspace_3                                     (abs)        00000
__Lspace_4                                     (abs)        00000
__Lstack                                       stack        00000
__Lstrings                                     strings      00000
__Lstringtext1                                 stringtext1  00000
__Ltext                                        text         00000
__S0                                           (abs)        0017C
__S1                                           (abs)        0007D
__S3                                           (abs)        00000
___heap_hi                                     (abs)        00000
___heap_lo                                     (abs)        00000
___int_sp                                      stack        00000
___latbits                                     (abs)        00003
___sp                                          stack        00000
___stackhi                                     (abs)        00000
___stacklo                                     (abs)        00000
__end_of_EUSART_Initialize                     text8        000F3
__end_of_EUSART_SetErrorHandler                text11       00167
__end_of_EUSART_SetFramingErrorHandler         text10       00171
__end_of_EUSART_SetOverrunErrorHandler         text9        00161
__end_of_INTERRUPT_InterruptManager            intentry     0001B
__end_of_OSCILLATOR_Initialize                 text7        00153
__end_of_PIN_MANAGER_Initialize                text6        000A7
__end_of_PMD_Initialize                        text5        0015B
__end_of_SPI1_Initialize                       text3        00111
__end_of_SPI1_Isr                              text15       00137
__end_of_SPI1_Open                             text12       00072
__end_of_SPI1_ReadByte                         text14       0017C
__end_of_SPI1_SetInterruptHandler              text4        0016C
__end_of_SPIhandler                            text16       0014A
__end_of_SYSTEM_Initialize                     text1        00124
__end_of_WDT_Initialize                        text2        00179
__end_of__initialization                       cinit        0001F
__end_of_main                                  maintext     000D2
__end_of_spi1_configuration                    stringtext1  00175
__initialization                               cinit        0001D
__pbssCOMMON                                   bssCOMMON    0007B
__pcstackCOMMON                                cstackCOMMON 00070
__pintentry                                    intentry     00004
__pmaintext                                    maintext     000A7
__pnvBANK0                                     nvBANK0      00020
__pnvCOMMON                                    nvCOMMON     00077
__pstringtext1                                 stringtext1  00171
__ptext1                                       text1        00111
__ptext10                                      text10       0016C
__ptext11                                      text11       00161
__ptext12                                      text12       00023
__ptext14                                      text14       00179
__ptext15                                      text15       00124
__ptext16                                      text16       00137
__ptext2                                       text2        00175
__ptext3                                       text3        000F3
__ptext4                                       text4        00167
__ptext5                                       text5        00153
__ptext6                                       text6        00072
__ptext7                                       text7        0014A
__ptext8                                       text8        000D2
__ptext9                                       text9        0015B
_byteReceived                                  bssCOMMON    0007C
_eusartRxLastError                             bssCOMMON    0007B
_main                                          maintext     000A7
_spi1_configuration                            stringtext1  00171
btemp                                          (abs)        0007E
end_of_initialization                          cinit        0001F
int$flags                                      (abs)        0007E
intlevel0                                      functab      00000
intlevel1                                      functab      00000
intlevel2                                      functab      00000
intlevel3                                      functab      00000
intlevel4                                      functab      00000
intlevel5                                      functab      00000
reset_vec                                      reset_vec    00000
start                                          init         0001B
start_initialization                           cinit        0001D
wtemp0                                         (abs)        0007E


MODULE INFORMATION

Module		Function		Class		Link	Load	Size
mcc_generated_files/interrupt_manager.c
		_INTERRUPT_InterruptManager		CODE           	0004	0000	23

mcc_generated_files/interrupt_manager.c estimated size: 23

mcc_generated_files/pin_manager.c
		_PIN_MANAGER_Initialize		CODE           	0072	0000	53

mcc_generated_files/pin_manager.c estimated size: 53

mcc_generated_files/spi1.c
		_SPI1_ReadByte 		CODE           	0179	0000	3
		_SPI1_Isr      		CODE           	0124	0000	19
		_SPI1_Open     		CODE           	0023	0000	79
		_SPI1_Initialize		CODE           	00F3	0000	30
		_SPI1_SetInterruptHandler		CODE           	0167	0000	5

mcc_generated_files/spi1.c estimated size: 136

shared
		__initialization		CODE           	001D	0000	2
		_spi1_configuration		STRCODE        	0171	0000	4

shared estimated size: 6

mcc_generated_files/mcc.c
		_WDT_Initialize		CODE           	0175	0000	4
		_PMD_Initialize		CODE           	0153	0000	8
		_OSCILLATOR_Initialize		CODE           	014A	0000	9
		_SYSTEM_Initialize		CODE           	0111	0000	19

mcc_generated_files/mcc.c estimated size: 40

mcc_generated_files/eusart.c
		_EUSART_Initialize		CODE           	00D2	0000	33
		_EUSART_SetFramingErrorHandler		CODE           	016C	0000	5
		_EUSART_SetErrorHandler		CODE           	0161	0000	6
		_EUSART_SetOverrunErrorHandler		CODE           	015B	0000	6

mcc_generated_files/eusart.c estimated size: 50

main.c
		_SPIhandler    		CODE           	0137	0000	19
		_main          		CODE           	00A7	0000	43

main.c estimated size: 62

